-system A2600

_defs.k65			           core
_gamedefs.k65                  core
util.k65                       core
music/song_mini_sv18.k65	   core
music/music_player_mini.k65    core
effects/rainbow.k65            core
effects/plasma.k65             bank2
effects/eqsine.k65             bank3
effects/shapes/shape_defs.k65     bank4
effects/shapes/shape_data.k65     bank1
effects/shapes/sphere_data.k65    bank5
effects/shapes/diamond_data.k65   bank2
effects/shapes/logo_data.k65      bank1
effects/shapes/shape_math.k65     bank2
effects/shapes/shape_place.k65    bank1
effects/shapes/sphere.k65         bank5
effects/shapes/cube.k65           bank2
effects/shapes/pyramid.k65        bank2
effects/shapes/diamond.k65        bank2
effects/shapes/logo.k65           bank1
effects/shapes/shape_live.k65     bank1
effects/shapes/shapes.k65         bank4
main.k65                       core
-o bin/demo.bin
